%!Adobe-FontList 1.13
%Locale:0x1009

%BeginFont
Handler:DirectoryHandler
FontType:TrueType
FontName:Muli-Bold
FamilyName:Muli
StyleName:Bold
FullName:Muli Bold
MenuName:Muli
StyleBits:2
WritingScript:Roman
OutlineFileName:C:\Transfer\APR10\RC\Resources-Card\Document fonts\Muli-Bold.ttf
DataFormat:sfntData
FileLength:93816
FileModTime:1509374196
WeightClass:700
WidthClass:5
AngleClass:0
%EndFont

%BeginFont
Handler:DirectoryHandler
FontType:TrueType
FontName:Muli-Italic
FamilyName:Muli
StyleName:Italic
FullName:Muli Italic
MenuName:Muli
StyleBits:1
WritingScript:Roman
OutlineFileName:C:\Transfer\APR10\RC\Resources-Card\Document fonts\Muli-Italic.ttf
DataFormat:sfntData
FileLength:95880
FileModTime:1509374196
WeightClass:400
WidthClass:5
AngleClass:1
%EndFont

%BeginFont
Handler:DirectoryHandler
FontType:TrueType
FontName:Muli-Light
FamilyName:Muli
StyleName:Light
FullName:Muli Light
MenuName:Muli Light
StyleBits:0
WritingScript:Roman
OutlineFileName:C:\Transfer\APR10\RC\Resources-Card\Document fonts\Muli-Light.ttf
DataFormat:sfntData
FileLength:93112
FileModTime:1509374196
WeightClass:300
WidthClass:5
AngleClass:0
%EndFont

%BeginFont
Handler:DirectoryHandler
FontType:TrueType
FontName:Muli-Regular
FamilyName:Muli
StyleName:Regular
FullName:Muli Regular
MenuName:Muli
StyleBits:0
WritingScript:Roman
OutlineFileName:C:\Transfer\APR10\RC\Resources-Card\Document fonts\Muli-Regular.ttf
DataFormat:sfntData
FileLength:94320
FileModTime:1509374196
WeightClass:400
WidthClass:5
AngleClass:0
%EndFont

